MIF/HEX Update report for Pong_Game
Mon Dec 04 15:40:16 2023
Quartus Prime Version 18.0.0 Build 614 04/24/2018 SJ Lite Edition


---------------------
; Table of Contents ;
---------------------
  1. Legal Notice
  2. MIF/HEX Update Summary
  3. MIF/HEX Update Processed Files
  4. MIF/HEX Update Messages



----------------
; Legal Notice ;
----------------
Copyright (C) 2018  Intel Corporation. All rights reserved.
Your use of Intel Corporation's design tools, logic functions 
and other software and tools, and its AMPP partner logic 
functions, and any output files from any of the foregoing 
(including device programming or simulation files), and any 
associated documentation or information are expressly subject 
to the terms and conditions of the Intel Program License 
Subscription Agreement, the Intel Quartus Prime License Agreement,
the Intel FPGA IP License Agreement, or other applicable license
agreement, including, without limitation, that your use is for
the sole purpose of programming logic devices manufactured by
Intel and sold by Intel or its authorized distributors.  Please
refer to the applicable agreement for further details.



+---------------------------------------------------------------+
; MIF/HEX Update Summary                                        ;
+-----------------------+---------------------------------------+
; MIF/HEX Update Status ; Successful - Mon Dec 04 15:40:16 2023 ;
; Revision Name         ; Pong_Game                             ;
; Top-level Entity Name ; pong_vga_interface                    ;
; Family                ; Cyclone V                             ;
; Device                ; 5CSEMA5F31C6                          ;
+-----------------------+---------------------------------------+


+-----------------------------------------------------------------------------------------------+
; MIF/HEX Update Processed Files                                                                ;
+-----------------------------------------------------------------------------------------------+
; File Name                                                                                     ;
+-----------------------------------------------------------------------------------------------+
; C:/Users/CoolL/Documents/AbhiSchoolStuff/UniYear2/2023Fall/ECE241_Pong_Game/border_colour.mif ;
; C:/Users/CoolL/Documents/AbhiSchoolStuff/UniYear2/2023Fall/ECE241_Pong_Game/stars_colour.hex  ;
+-----------------------------------------------------------------------------------------------+


+-------------------------+
; MIF/HEX Update Messages ;
+-------------------------+
Info: *******************************************************************
Info: Running Quartus Prime MIF/HEX Update
    Info: Version 18.0.0 Build 614 04/24/2018 SJ Lite Edition
    Info: Processing started: Mon Dec 04 15:40:11 2023
Info: Command: quartus_cdb Pong_Game -c Pong_Game --update_mif
Warning (18236): Number of processors has not been specified which may cause overloading on shared machines.  Set the global assignment NUM_PARALLEL_PROCESSORS in your QSF to an appropriate value for best performance.
Warning (39023): Can't find Memory Initialization File border_mono.mif -- skipped updates for this file
Warning (39023): Can't find Memory Initialization File black.mif -- skipped updates for this file
Warning (113031): 9600 out of 9600 addresses are reinitialized. The latest initialized data will replace the existing data. There are 9600 warnings found, and 10 warnings are reported. File: C:/Users/CoolL/Documents/AbhiSchoolStuff/UniYear2/2023Fall/ECE241_Pong_Game/border_colour.mif Line: 1
    Warning (113030): Memory Initialization File address 9280 is reinitialized File: C:/Users/CoolL/Documents/AbhiSchoolStuff/UniYear2/2023Fall/ECE241_Pong_Game/ Line: 8
    Warning (113030): Memory Initialization File address 9281 is reinitialized File: C:/Users/CoolL/Documents/AbhiSchoolStuff/UniYear2/2023Fall/ECE241_Pong_Game/ Line: 8
    Warning (113030): Memory Initialization File address 9282 is reinitialized File: C:/Users/CoolL/Documents/AbhiSchoolStuff/UniYear2/2023Fall/ECE241_Pong_Game/ Line: 8
    Warning (113030): Memory Initialization File address 9283 is reinitialized File: C:/Users/CoolL/Documents/AbhiSchoolStuff/UniYear2/2023Fall/ECE241_Pong_Game/ Line: 8
    Warning (113030): Memory Initialization File address 9284 is reinitialized File: C:/Users/CoolL/Documents/AbhiSchoolStuff/UniYear2/2023Fall/ECE241_Pong_Game/ Line: 8
    Warning (113030): Memory Initialization File address 9285 is reinitialized File: C:/Users/CoolL/Documents/AbhiSchoolStuff/UniYear2/2023Fall/ECE241_Pong_Game/ Line: 8
    Warning (113030): Memory Initialization File address 9286 is reinitialized File: C:/Users/CoolL/Documents/AbhiSchoolStuff/UniYear2/2023Fall/ECE241_Pong_Game/ Line: 8
    Warning (113030): Memory Initialization File address 9287 is reinitialized File: C:/Users/CoolL/Documents/AbhiSchoolStuff/UniYear2/2023Fall/ECE241_Pong_Game/ Line: 8
    Warning (113030): Memory Initialization File address 9288 is reinitialized File: C:/Users/CoolL/Documents/AbhiSchoolStuff/UniYear2/2023Fall/ECE241_Pong_Game/ Line: 8
    Warning (113030): Memory Initialization File address 9289 is reinitialized File: C:/Users/CoolL/Documents/AbhiSchoolStuff/UniYear2/2023Fall/ECE241_Pong_Game/ Line: 8
Critical Warning (127005): Memory depth (32768) in the design file differs from memory depth (9600) in the Memory Initialization File "C:/Users/CoolL/Documents/AbhiSchoolStuff/UniYear2/2023Fall/ECE241_Pong_Game/border_colour.mif" -- setting initial value for remaining addresses to 0
Info (39024): Processed the following Memory Initialization File(s)
    Info (39025): Processed Memory Initialization File C:/Users/CoolL/Documents/AbhiSchoolStuff/UniYear2/2023Fall/ECE241_Pong_Game/border_colour.mif File: C:/Users/CoolL/Documents/AbhiSchoolStuff/UniYear2/2023Fall/ECE241_Pong_Game/border_colour.mif Line: 0
    Info (39025): Processed Memory Initialization File C:/Users/CoolL/Documents/AbhiSchoolStuff/UniYear2/2023Fall/ECE241_Pong_Game/stars_colour.hex File: C:/Users/CoolL/Documents/AbhiSchoolStuff/UniYear2/2023Fall/ECE241_Pong_Game/stars_colour.hex Line: 0
Info: Quartus Prime MIF/HEX Update was successful. 0 errors, 15 warnings
    Info: Peak virtual memory: 4892 megabytes
    Info: Processing ended: Mon Dec 04 15:40:16 2023
    Info: Elapsed time: 00:00:05
    Info: Total CPU time (on all processors): 00:00:05


